/usr/share/rubygems-integration/all/gems/bundler-2.6.7/lib/bundler/resolver.rb:348:in `raise_not_found!': Could not find gem 'github-pages' in locally installed gems. (Bundler::GemNotFound)
	from /usr/share/rubygems-integration/all/gems/bundler-2.6.7/lib/bundler/resolver.rb:448:in `block in prepare_dependencies'
	from /usr/share/rubygems-integration/all/gems/bundler-2.6.7/lib/bundler/resolver.rb:423:in `each'
	from /usr/share/rubygems-integration/all/gems/bundler-2.6.7/lib/bundler/resolver.rb:423:in `filter_map'
	from /usr/share/rubygems-integration/all/gems/bundler-2.6.7/lib/bundler/resolver.rb:423:in `prepare_dependencies'
	from /usr/share/rubygems-integration/all/gems/bundler-2.6.7/lib/bundler/resolver.rb:65:in `setup_solver'
	from /usr/share/rubygems-integration/all/gems/bundler-2.6.7/lib/bundler/resolver.rb:30:in `start'
	from /usr/share/rubygems-integration/all/gems/bundler-2.6.7/lib/bundler/definition.rb:752:in `start_resolution'
	from /usr/share/rubygems-integration/all/gems/bundler-2.6.7/lib/bundler/definition.rb:346:in `resolve'
	from /usr/share/rubygems-integration/all/gems/bundler-2.6.7/lib/bundler/definition.rb:659:in `materialize'
	from /usr/share/rubygems-integration/all/gems/bundler-2.6.7/lib/bundler/definition.rb:237:in `specs'
	from /usr/share/rubygems-integration/all/gems/bundler-2.6.7/lib/bundler/definition.rb:304:in `specs_for'
	from /usr/share/rubygems-integration/all/gems/bundler-2.6.7/lib/bundler/runtime.rb:18:in `setup'
	from /usr/share/rubygems-integration/all/gems/bundler-2.6.7/lib/bundler.rb:167:in `setup'
	from /var/lib/gems/3.3.0/gems/jekyll-4.4.1/lib/jekyll/plugin_manager.rb:52:in `require_from_bundler'
	from /var/lib/gems/3.3.0/gems/jekyll-4.4.1/exe/jekyll:11:in `<top (required)>'
	from /root/konexht-site/_gems/bin/jekyll:25:in `load'
	from /root/konexht-site/_gems/bin/jekyll:25:in `<main>'
